Archive member included to satisfy reference by file (symbol)

c:/siliconlabs/simplicitystudio/v5/developer/toolchains/gnu_arm/10.3_2021.10/bin/../lib/gcc/arm-none-eabi/10.3.1/thumb/v8-m.main+fp/hard\libgcc.a(_aeabi_ldivmod.o)
                              ./gecko_sdk_4.3.0/platform/emlib/src/em_usart.o (__aeabi_ldivmod)
c:/siliconlabs/simplicitystudio/v5/developer/toolchains/gnu_arm/10.3_2021.10/bin/../lib/gcc/arm-none-eabi/10.3.1/thumb/v8-m.main+fp/hard\libgcc.a(_aeabi_uldivmod.o)
                              ./gecko_sdk_4.3.0/platform/emlib/src/em_usart.o (__aeabi_uldivmod)
c:/siliconlabs/simplicitystudio/v5/developer/toolchains/gnu_arm/10.3_2021.10/bin/../lib/gcc/arm-none-eabi/10.3.1/thumb/v8-m.main+fp/hard\libgcc.a(_udivmoddi4.o)
                              c:/siliconlabs/simplicitystudio/v5/developer/toolchains/gnu_arm/10.3_2021.10/bin/../lib/gcc/arm-none-eabi/10.3.1/thumb/v8-m.main+fp/hard\libgcc.a(_aeabi_ldivmod.o) (__udivmoddi4)
c:/siliconlabs/simplicitystudio/v5/developer/toolchains/gnu_arm/10.3_2021.10/bin/../lib/gcc/arm-none-eabi/10.3.1/thumb/v8-m.main+fp/hard\libgcc.a(_dvmd_tls.o)
                              c:/siliconlabs/simplicitystudio/v5/developer/toolchains/gnu_arm/10.3_2021.10/bin/../lib/gcc/arm-none-eabi/10.3.1/thumb/v8-m.main+fp/hard\libgcc.a(_aeabi_ldivmod.o) (__aeabi_ldiv0)
c:/siliconlabs/simplicitystudio/v5/developer/toolchains/gnu_arm/10.3_2021.10/bin/../lib/gcc/arm-none-eabi/10.3.1/../../../../arm-none-eabi/lib/thumb/v8-m.main+fp/hard\libc_nano.a(lib_a-exit.o)
                              c:/siliconlabs/simplicitystudio/v5/developer/toolchains/gnu_arm/10.3_2021.10/bin/../lib/gcc/arm-none-eabi/10.3.1/../../../../arm-none-eabi/lib/thumb/v8-m.main+fp/hard/crt0.o (exit)
c:/siliconlabs/simplicitystudio/v5/developer/toolchains/gnu_arm/10.3_2021.10/bin/../lib/gcc/arm-none-eabi/10.3.1/../../../../arm-none-eabi/lib/thumb/v8-m.main+fp/hard\libc_nano.a(lib_a-impure.o)
                              c:/siliconlabs/simplicitystudio/v5/developer/toolchains/gnu_arm/10.3_2021.10/bin/../lib/gcc/arm-none-eabi/10.3.1/../../../../arm-none-eabi/lib/thumb/v8-m.main+fp/hard\libc_nano.a(lib_a-exit.o) (_global_impure_ptr)
c:/siliconlabs/simplicitystudio/v5/developer/toolchains/gnu_arm/10.3_2021.10/bin/../lib/gcc/arm-none-eabi/10.3.1/../../../../arm-none-eabi/lib/thumb/v8-m.main+fp/hard\libc_nano.a(lib_a-init.o)
                              c:/siliconlabs/simplicitystudio/v5/developer/toolchains/gnu_arm/10.3_2021.10/bin/../lib/gcc/arm-none-eabi/10.3.1/../../../../arm-none-eabi/lib/thumb/v8-m.main+fp/hard/crt0.o (__libc_init_array)
c:/siliconlabs/simplicitystudio/v5/developer/toolchains/gnu_arm/10.3_2021.10/bin/../lib/gcc/arm-none-eabi/10.3.1/../../../../arm-none-eabi/lib/thumb/v8-m.main+fp/hard\libc_nano.a(lib_a-memset.o)
                              c:/siliconlabs/simplicitystudio/v5/developer/toolchains/gnu_arm/10.3_2021.10/bin/../lib/gcc/arm-none-eabi/10.3.1/../../../../arm-none-eabi/lib/thumb/v8-m.main+fp/hard/crt0.o (memset)
c:/siliconlabs/simplicitystudio/v5/developer/toolchains/gnu_arm/10.3_2021.10/bin/../lib/gcc/arm-none-eabi/10.3.1/../../../../arm-none-eabi/lib/thumb/v8-m.main+fp/hard\libnosys.a(_exit.o)
                              c:/siliconlabs/simplicitystudio/v5/developer/toolchains/gnu_arm/10.3_2021.10/bin/../lib/gcc/arm-none-eabi/10.3.1/../../../../arm-none-eabi/lib/thumb/v8-m.main+fp/hard\libc_nano.a(lib_a-exit.o) (_exit)

Discarded input sections

 .text          0x00000000        0x0 c:/siliconlabs/simplicitystudio/v5/developer/toolchains/gnu_arm/10.3_2021.10/bin/../lib/gcc/arm-none-eabi/10.3.1/thumb/v8-m.main+fp/hard/crti.o
 .data          0x00000000        0x0 c:/siliconlabs/simplicitystudio/v5/developer/toolchains/gnu_arm/10.3_2021.10/bin/../lib/gcc/arm-none-eabi/10.3.1/thumb/v8-m.main+fp/hard/crti.o
 .bss           0x00000000        0x0 c:/siliconlabs/simplicitystudio/v5/developer/toolchains/gnu_arm/10.3_2021.10/bin/../lib/gcc/arm-none-eabi/10.3.1/thumb/v8-m.main+fp/hard/crti.o
 .data          0x00000000        0x4 c:/siliconlabs/simplicitystudio/v5/developer/toolchains/gnu_arm/10.3_2021.10/bin/../lib/gcc/arm-none-eabi/10.3.1/thumb/v8-m.main+fp/hard/crtbegin.o
 .rodata        0x00000000       0x24 c:/siliconlabs/simplicitystudio/v5/developer/toolchains/gnu_arm/10.3_2021.10/bin/../lib/gcc/arm-none-eabi/10.3.1/thumb/v8-m.main+fp/hard/crtbegin.o
 .data          0x00000000        0x0 c:/siliconlabs/simplicitystudio/v5/developer/toolchains/gnu_arm/10.3_2021.10/bin/../lib/gcc/arm-none-eabi/10.3.1/../../../../arm-none-eabi/lib/thumb/v8-m.main+fp/hard/crt0.o
 .bss           0x00000000        0x0 c:/siliconlabs/simplicitystudio/v5/developer/toolchains/gnu_arm/10.3_2021.10/bin/../lib/gcc/arm-none-eabi/10.3.1/../../../../arm-none-eabi/lib/thumb/v8-m.main+fp/hard/crt0.o
 .ARM.extab     0x00000000        0x0 c:/siliconlabs/simplicitystudio/v5/developer/toolchains/gnu_arm/10.3_2021.10/bin/../lib/gcc/arm-none-eabi/10.3.1/../../../../arm-none-eabi/lib/thumb/v8-m.main+fp/hard/crt0.o
[...]
Memory Configuration

Name             Origin             Length             Attributes
FLASH            0x08000000         0x0017e000         xr
RAM              0x20000000         0x00040000         xrw
*default*        0x00000000         0xffffffff

Linker script and memory map

LOAD c:/siliconlabs/simplicitystudio/v5/developer/toolchains/gnu_arm/10.3_2021.10/bin/../lib/gcc/arm-none-eabi/10.3.1/thumb/v8-m.main+fp/hard/crti.o
LOAD c:/siliconlabs/simplicitystudio/v5/developer/toolchains/gnu_arm/10.3_2021.10/bin/../lib/gcc/arm-none-eabi/10.3.1/thumb/v8-m.main+fp/hard/crtbegin.o
LOAD c:/siliconlabs/simplicitystudio/v5/developer/toolchains/gnu_arm/10.3_2021.10/bin/../lib/gcc/arm-none-eabi/10.3.1/../../../../arm-none-eabi/lib/thumb/v8-m.main+fp/hard/crt0.o
START GROUP
LOAD ./app.o
LOAD ./main.o
LOAD ./autogen/sl_board_default_init.o
LOAD ./autogen/sl_device_init_clocks.o
LOAD ./autogen/sl_event_handler.o
LOAD ./gecko_sdk_4.3.0/hardware/board/src/sl_board_control_gpio.o
LOAD ./gecko_sdk_4.3.0/hardware/board/src/sl_board_init.o
LOAD ./gecko_sdk_4.3.0/hardware/driver/configuration_over_swo/src/sl_cos.o
LOAD ./gecko_sdk_4.3.0/hardware/driver/mx25_flash_shutdown/src/sl_mx25_flash_shutdown_usart/sl_mx25_flash_shutdown.o
LOAD ./gecko_sdk_4.3.0/platform/Device/SiliconLabs/EFR32MG24/Source/startup_efr32mg24.o
LOAD ./gecko_sdk_4.3.0/platform/Device/SiliconLabs/EFR32MG24/Source/system_efr32mg24.o
LOAD ./gecko_sdk_4.3.0/platform/common/src/sl_assert.o
LOAD ./gecko_sdk_4.3.0/platform/common/toolchain/src/sl_memory.o
LOAD ./gecko_sdk_4.3.0/platform/driver/debug/src/sl_debug_swo.o
LOAD ./gecko_sdk_4.3.0/platform/emlib/src/em_cmu.o
LOAD ./gecko_sdk_4.3.0/platform/emlib/src/em_core.o
LOAD ./gecko_sdk_4.3.0/platform/emlib/src/em_emu.o
LOAD ./gecko_sdk_4.3.0/platform/emlib/src/em_gpio.o
LOAD ./gecko_sdk_4.3.0/platform/emlib/src/em_msc.o
LOAD ./gecko_sdk_4.3.0/platform/emlib/src/em_system.o
LOAD ./gecko_sdk_4.3.0/platform/emlib/src/em_usart.o
LOAD ./gecko_sdk_4.3.0/platform/service/device_init/src/sl_device_init_dcdc_s2.o
LOAD ./gecko_sdk_4.3.0/platform/service/device_init/src/sl_device_init_emu_s2.o
LOAD ./gecko_sdk_4.3.0/platform/service/device_init/src/sl_device_init_hfxo_s2.o
LOAD ./gecko_sdk_4.3.0/platform/service/device_init/src/sl_device_init_lfxo_s2.o
LOAD ./gecko_sdk_4.3.0/platform/service/device_init/src/sl_device_init_nvic.o
LOAD ./gecko_sdk_4.3.0/platform/service/system/src/sl_system_init.o
LOAD ./gecko_sdk_4.3.0/platform/service/system/src/sl_system_process_action.o
LOAD ./gecko_sdk_4.3.0/platform/service/udelay/src/sl_udelay.o
LOAD ./gecko_sdk_4.3.0/platform/service/udelay/src/sl_udelay_armv6m_gcc.o
LOAD c:/siliconlabs/simplicitystudio/v5/developer/toolchains/gnu_arm/10.3_2021.10/bin/../lib/gcc/arm-none-eabi/10.3.1/../../../../arm-none-eabi/lib/thumb/v8-m.main+fp/hard\libstdc++_nano.a
LOAD c:/siliconlabs/simplicitystudio/v5/developer/toolchains/gnu_arm/10.3_2021.10/bin/../lib/gcc/arm-none-eabi/10.3.1/thumb/v8-m.main+fp/hard\libgcc.a
LOAD c:/siliconlabs/simplicitystudio/v5/developer/toolchains/gnu_arm/10.3_2021.10/bin/../lib/gcc/arm-none-eabi/10.3.1/../../../../arm-none-eabi/lib/thumb/v8-m.main+fp/hard\libnosys.a
END GROUP
START GROUP
LOAD c:/siliconlabs/simplicitystudio/v5/developer/toolchains/gnu_arm/10.3_2021.10/bin/../lib/gcc/arm-none-eabi/10.3.1/thumb/v8-m.main+fp/hard\libgcc.a
LOAD c:/siliconlabs/simplicitystudio/v5/developer/toolchains/gnu_arm/10.3_2021.10/bin/../lib/gcc/arm-none-eabi/10.3.1/../../../../arm-none-eabi/lib/thumb/v8-m.main+fp/hard\libc_nano.a
LOAD c:/siliconlabs/simplicitystudio/v5/developer/toolchains/gnu_arm/10.3_2021.10/bin/../lib/gcc/arm-none-eabi/10.3.1/../../../../arm-none-eabi/lib/thumb/v8-m.main+fp/hard\libnosys.a
END GROUP
LOAD c:/siliconlabs/simplicitystudio/v5/developer/toolchains/gnu_arm/10.3_2021.10/bin/../lib/gcc/arm-none-eabi/10.3.1/../../../../arm-none-eabi/lib/thumb/v8-m.main+fp/hard\libstdc++_nano.a
LOAD c:/siliconlabs/simplicitystudio/v5/developer/toolchains/gnu_arm/10.3_2021.10/bin/../lib/gcc/arm-none-eabi/10.3.1/../../../../arm-none-eabi/lib/thumb/v8-m.main+fp/hard\libm.a
LOAD c:/siliconlabs/simplicitystudio/v5/developer/toolchains/gnu_arm/10.3_2021.10/bin/../lib/gcc/arm-none-eabi/10.3.1/../../../../arm-none-eabi/lib/thumb/v8-m.main+fp/hard\libc_nano.a
START GROUP
LOAD c:/siliconlabs/simplicitystudio/v5/developer/toolchains/gnu_arm/10.3_2021.10/bin/../lib/gcc/arm-none-eabi/10.3.1/thumb/v8-m.main+fp/hard\libgcc.a
LOAD c:/siliconlabs/simplicitystudio/v5/developer/toolchains/gnu_arm/10.3_2021.10/bin/../lib/gcc/arm-none-eabi/10.3.1/../../../../arm-none-eabi/lib/thumb/v8-m.main+fp/hard\libg_nano.a
LOAD c:/siliconlabs/simplicitystudio/v5/developer/toolchains/gnu_arm/10.3_2021.10/bin/../lib/gcc/arm-none-eabi/10.3.1/../../../../arm-none-eabi/lib/thumb/v8-m.main+fp/hard\libc_nano.a
END GROUP
START GROUP
LOAD c:/siliconlabs/simplicitystudio/v5/developer/toolchains/gnu_arm/10.3_2021.10/bin/../lib/gcc/arm-none-eabi/10.3.1/thumb/v8-m.main+fp/hard\libgcc.a
LOAD c:/siliconlabs/simplicitystudio/v5/developer/toolchains/gnu_arm/10.3_2021.10/bin/../lib/gcc/arm-none-eabi/10.3.1/../../../../arm-none-eabi/lib/thumb/v8-m.main+fp/hard\libc_nano.a
LOAD c:/siliconlabs/simplicitystudio/v5/developer/toolchains/gnu_arm/10.3_2021.10/bin/../lib/gcc/arm-none-eabi/10.3.1/../../../../arm-none-eabi/lib/thumb/v8-m.main+fp/hard\libnosys.a
END GROUP
START GROUP
LOAD c:/siliconlabs/simplicitystudio/v5/developer/toolchains/gnu_arm/10.3_2021.10/bin/../lib/gcc/arm-none-eabi/10.3.1/thumb/v8-m.main+fp/hard\libgcc.a
LOAD c:/siliconlabs/simplicitystudio/v5/developer/toolchains/gnu_arm/10.3_2021.10/bin/../lib/gcc/arm-none-eabi/10.3.1/../../../../arm-none-eabi/lib/thumb/v8-m.main+fp/hard\libc_nano.a
LOAD c:/siliconlabs/simplicitystudio/v5/developer/toolchains/gnu_arm/10.3_2021.10/bin/../lib/gcc/arm-none-eabi/10.3.1/../../../../arm-none-eabi/lib/thumb/v8-m.main+fp/hard\libnosys.a
END GROUP
LOAD c:/siliconlabs/simplicitystudio/v5/developer/toolchains/gnu_arm/10.3_2021.10/bin/../lib/gcc/arm-none-eabi/10.3.1/thumb/v8-m.main+fp/hard/crtend.o
LOAD c:/siliconlabs/simplicitystudio/v5/developer/toolchains/gnu_arm/10.3_2021.10/bin/../lib/gcc/arm-none-eabi/10.3.1/thumb/v8-m.main+fp/hard/crtn.o

.text           0x08000000     0x2224
                0x08000000                linker_vectors_begin = .
 *(.vectors)
 .vectors       0x08000000      0x170 ./gecko_sdk_4.3.0/platform/Device/SiliconLabs/EFR32MG24/Source/startup_efr32mg24.o
                0x08000000                __Vectors
                0x08000170                linker_vectors_end = .
                0x08000170                __Vectors_End = .
                0x08000170                __Vectors_Size = (__Vectors_End - __Vectors)
                0x08000170                linker_code_begin = .
 *(SORT_BY_ALIGNMENT(.text*))
 .text          0x08000170        0x8 ./gecko_sdk_4.3.0/platform/service/udelay/src/sl_udelay_armv6m_gcc.o
                0x08000170                sli_delay_loop
 .text          0x08000178       0x40 c:/siliconlabs/simplicitystudio/v5/developer/toolchains/gnu_arm/10.3_2021.10/bin/../lib/gcc/arm-none-eabi/10.3.1/thumb/v8-m.main+fp/hard/crtbegin.o
 .text          0x080001b8       0x7c c:/siliconlabs/simplicitystudio/v5/developer/toolchains/gnu_arm/10.3_2021.10/bin/../lib/gcc/arm-none-eabi/10.3.1/../../../../arm-none-eabi/lib/thumb/v8-m.main+fp/hard/crt0.o
                0x080001b8                _stack_init
                0x080001c0                _start
                0x080001c0                _mainCRTStartup
 .text._Z8app_initv
                0x08000234       0x1c ./app.o
                0x08000234                app_init()
 .text._Z18app_process_actionv
                0x08000250       0x24 ./app.o
                0x08000250                app_process_action()
 .text.sl_device_init_clocks
                0x08000274       0xac ./autogen/sl_device_init_clocks.o
                0x08000274                sl_device_init_clocks
 .text.sl_platform_init
                0x08000320       0x6c ./autogen/sl_event_handler.o
                0x08000320                sl_platform_init
 .text.cs_high  0x0800038c       0x10 ./gecko_sdk_4.3.0/hardware/driver/mx25_flash_shutdown/src/sl_mx25_flash_shutdown_usart/sl_mx25_flash_shutdown.o
 .text.cs_low   0x0800039c       0x10 ./gecko_sdk_4.3.0/hardware/driver/mx25_flash_shutdown/src/sl_mx25_flash_shutdown_usart/sl_mx25_flash_shutdown.o
 .text.sl_mx25_flash_shutdown
                0x080003ac      0x118 ./gecko_sdk_4.3.0/hardware/driver/mx25_flash_shutdown/src/sl_mx25_flash_shutdown_usart/sl_mx25_flash_shutdown.o
                0x080003ac                sl_mx25_flash_shutdown
 .text.Reset_Handler
                0x080004c4       0x60 ./gecko_sdk_4.3.0/platform/Device/SiliconLabs/EFR32MG24/Source/startup_efr32mg24.o
                0x080004c4                Reset_Handler
 .text.SystemInit
                0x08000524       0x68 ./gecko_sdk_4.3.0/platform/Device/SiliconLabs/EFR32MG24/Source/system_efr32mg24.o
                0x08000524                SystemInit
 .text.SystemHFRCODPLLClockGet
                0x0800058c        0xc ./gecko_sdk_4.3.0/platform/Device/SiliconLabs/EFR32MG24/Source/system_efr32mg24.o
                0x0800058c                SystemHFRCODPLLClockGet
 .text.SystemSYSCLKGet
                0x08000598       0x34 ./gecko_sdk_4.3.0/platform/Device/SiliconLabs/EFR32MG24/Source/system_efr32mg24.o
                0x08000598                SystemSYSCLKGet
 .text.SystemHCLKGet
                0x080005cc       0x24 ./gecko_sdk_4.3.0/platform/Device/SiliconLabs/EFR32MG24/Source/system_efr32mg24.o
                0x080005cc                SystemHCLKGet
 .text.SystemMaxCoreClockGet
                0x080005f0        0x8 ./gecko_sdk_4.3.0/platform/Device/SiliconLabs/EFR32MG24/Source/system_efr32mg24.o
                0x080005f0                SystemMaxCoreClockGet
 .text.SystemHFXOClockGet
                0x080005f8        0xc ./gecko_sdk_4.3.0/platform/Device/SiliconLabs/EFR32MG24/Source/system_efr32mg24.o
                0x080005f8                SystemHFXOClockGet
 .text.SystemHFXOClockSet
                0x08000604       0x20 ./gecko_sdk_4.3.0/platform/Device/SiliconLabs/EFR32MG24/Source/system_efr32mg24.o
                0x08000604                SystemHFXOClockSet
 .text.SystemFSRCOClockGet
                0x08000624        0x8 ./gecko_sdk_4.3.0/platform/Device/SiliconLabs/EFR32MG24/Source/system_efr32mg24.o
                0x08000624                SystemFSRCOClockGet
 .text.SystemHFRCOEM23ClockGet
                0x0800062c       0x84 ./gecko_sdk_4.3.0/platform/Device/SiliconLabs/EFR32MG24/Source/system_efr32mg24.o
                0x0800062c                SystemHFRCOEM23ClockGet
 .text.SystemLFXOClockGet
                0x080006b0        0xc ./gecko_sdk_4.3.0/platform/Device/SiliconLabs/EFR32MG24/Source/system_efr32mg24.o
                0x080006b0                SystemLFXOClockGet
 .text.sl_debug_swo_init
                0x080006bc      0x108 ./gecko_sdk_4.3.0/platform/driver/debug/src/sl_debug_swo.o
                0x080006bc                sl_debug_swo_init
 .text.EMU_VScaleGet
                0x080007c4       0x18 ./gecko_sdk_4.3.0/platform/emlib/src/em_cmu.o
 .text.traceClkGet
                0x080007dc       0x54 ./gecko_sdk_4.3.0/platform/emlib/src/em_cmu.o
 .text.em01GrpaClkGet
                0x08000830       0x74 ./gecko_sdk_4.3.0/platform/emlib/src/em_cmu.o
 .text.em01GrpcClkGet
                0x080008a4       0x70 ./gecko_sdk_4.3.0/platform/emlib/src/em_cmu.o
 .text.iadcClkGet
                0x08000914       0x60 ./gecko_sdk_4.3.0/platform/emlib/src/em_cmu.o
 .text.eusart0ClkGet
                0x08000974       0x74 ./gecko_sdk_4.3.0/platform/emlib/src/em_cmu.o
 .text.em23GrpaClkGet
                0x080009e8       0x48 ./gecko_sdk_4.3.0/platform/emlib/src/em_cmu.o
 .text.vdac0ClkGet
                0x08000a30       0x70 ./gecko_sdk_4.3.0/platform/emlib/src/em_cmu.o
 .text.vdac1ClkGet
                0x08000aa0       0x70 ./gecko_sdk_4.3.0/platform/emlib/src/em_cmu.o
 .text.pcnt0ClkGet
                0x08000b10       0x4c ./gecko_sdk_4.3.0/platform/emlib/src/em_cmu.o
 .text.wdog0ClkGet
                0x08000b5c       0x64 ./gecko_sdk_4.3.0/platform/emlib/src/em_cmu.o
 .text.wdog1ClkGet
                0x08000bc0       0x64 ./gecko_sdk_4.3.0/platform/emlib/src/em_cmu.o
 .text.sysrtcClkGet
                0x08000c24       0x48 ./gecko_sdk_4.3.0/platform/emlib/src/em_cmu.o
 .text.em4GrpaClkGet
                0x08000c6c       0x48 ./gecko_sdk_4.3.0/platform/emlib/src/em_cmu.o
 .text.CMU_ClockDivGet
                0x08000cb4       0x78 ./gecko_sdk_4.3.0/platform/emlib/src/em_cmu.o
                0x08000cb4                CMU_ClockDivGet
 .text.flashWaitStateControl
                0x08000d2c       0x58 ./gecko_sdk_4.3.0/platform/emlib/src/em_cmu.o
 .text.CMU_ClockEnable
                0x08000d84       0x58 ./gecko_sdk_4.3.0/platform/emlib/src/em_cmu.o
                0x08000d84                CMU_ClockEnable
 .text.CMU_ClockFreqGet
                0x08000ddc      0x200 ./gecko_sdk_4.3.0/platform/emlib/src/em_cmu.o
                0x08000ddc                CMU_ClockFreqGet
 .text.rhclkPrescOptimize
                0x08000fdc       0x20 ./gecko_sdk_4.3.0/platform/emlib/src/em_cmu.o
 .text.CMU_ClockSelectGet
                0x08000ffc      0x22c ./gecko_sdk_4.3.0/platform/emlib/src/em_cmu.o
                0x08000ffc                CMU_ClockSelectGet
 .text.sli_em_cmu_HFXOSetForceEnable
                0x08001228       0x1c ./gecko_sdk_4.3.0/platform/emlib/src/em_cmu.o
                0x08001228                sli_em_cmu_HFXOSetForceEnable
 .text.CMU_HFXOInit
                0x08001244      0x22c ./gecko_sdk_4.3.0/platform/emlib/src/em_cmu.o
                0x08001244                CMU_HFXOInit
 .text.CMU_HFXOCTuneDeltaGet
                0x08001470        0xc ./gecko_sdk_4.3.0/platform/emlib/src/em_cmu.o
                0x08001470                CMU_HFXOCTuneDeltaGet
 .text.CMU_LFXOInit
                0x0800147c       0xc4 ./gecko_sdk_4.3.0/platform/emlib/src/em_cmu.o
                0x0800147c                CMU_LFXOInit
 .text.CMU_LFXOPrecisionSet
                0x08001540        0xc ./gecko_sdk_4.3.0/platform/emlib/src/em_cmu.o
                0x08001540                CMU_LFXOPrecisionSet
 .text.CMU_HFXOPrecisionSet
                0x0800154c        0xc ./gecko_sdk_4.3.0/platform/emlib/src/em_cmu.o
                0x0800154c                CMU_HFXOPrecisionSet
 .text.CMU_ClockDivSet
                0x08001558      0x12c ./gecko_sdk_4.3.0/platform/emlib/src/em_cmu.o
                0x08001558                CMU_ClockDivSet
 .text.sli_em_cmu_SYSCLKInitPreClockSelect
                0x08001684       0x20 ./gecko_sdk_4.3.0/platform/emlib/src/em_cmu.o
                0x08001684                sli_em_cmu_SYSCLKInitPreClockSelect
 .text.pclkDivOptimize
                0x080016a4       0x24 ./gecko_sdk_4.3.0/platform/emlib/src/em_cmu.o
 .text.EMU_DCDCSync
                0x080016c8       0x10 ./gecko_sdk_4.3.0/platform/emlib/src/em_emu.o
 .text.EMU_EM4Init
                0x080016d8       0x14 ./gecko_sdk_4.3.0/platform/emlib/src/em_emu.o
                0x080016d8                EMU_EM4Init
 .text.EMU_VScaleEM01
                0x080016ec       0xb0 ./gecko_sdk_4.3.0/platform/emlib/src/em_emu.o
                0x080016ec                EMU_VScaleEM01
 .text.EMU_VScaleEM01ByClock
                0x0800179c       0x30 ./gecko_sdk_4.3.0/platform/emlib/src/em_emu.o
                0x0800179c                EMU_VScaleEM01ByClock
 .text.EMU_DCDCModeSet
                0x080017cc       0xbc ./gecko_sdk_4.3.0/platform/emlib/src/em_emu.o
                0x080017cc                EMU_DCDCModeSet
 .text.EMU_DCDCInit
                0x08001888       0x70 ./gecko_sdk_4.3.0/platform/emlib/src/em_emu.o
                0x08001888                EMU_DCDCInit
 .text.EMU_DCDCSetPFMXModePeakCurrent
                0x080018f8       0x70 ./gecko_sdk_4.3.0/platform/emlib/src/em_emu.o
                0x080018f8                EMU_DCDCSetPFMXModePeakCurrent
 .text.GPIO_PinOutSet
                0x08001968       0x44 ./gecko_sdk_4.3.0/platform/emlib/src/em_gpio.o
 .text.GPIO_PinOutClear
                0x080019ac       0x44 ./gecko_sdk_4.3.0/platform/emlib/src/em_gpio.o
 .text.GPIO_PinModeSet
                0x080019f0       0x9c ./gecko_sdk_4.3.0/platform/emlib/src/em_gpio.o
                0x080019f0                GPIO_PinModeSet
 .text.SYSTEM_ChipRevisionGet
                0x08001a8c       0x24 ./gecko_sdk_4.3.0/platform/emlib/src/em_system.o
                0x08001a8c                SYSTEM_ChipRevisionGet
 .text.USART_BaudrateSyncSet
                0x08001ab0       0x48 ./gecko_sdk_4.3.0/platform/emlib/src/em_usart.o
                0x08001ab0                USART_BaudrateSyncSet
 .text.USART_Reset
                0x08001af8       0x58 ./gecko_sdk_4.3.0/platform/emlib/src/em_usart.o
                0x08001af8                USART_Reset
 .text.USART_InitSync
                0x08001b50       0xc0 ./gecko_sdk_4.3.0/platform/emlib/src/em_usart.o
                0x08001b50                USART_InitSync
 .text.sl_device_init_dcdc
                0x08001c10       0x2c ./gecko_sdk_4.3.0/platform/service/device_init/src/sl_device_init_dcdc_s2.o
                0x08001c10                sl_device_init_dcdc
 .text.sl_device_init_emu
                0x08001c3c       0x24 ./gecko_sdk_4.3.0/platform/service/device_init/src/sl_device_init_emu_s2.o
                0x08001c3c                sl_device_init_emu
 .text.sl_device_init_hfxo
                0x08001c60       0x74 ./gecko_sdk_4.3.0/platform/service/device_init/src/sl_device_init_hfxo_s2.o
                0x08001c60                sl_device_init_hfxo
 .text.sl_device_init_lfxo
                0x08001cd4       0x2c ./gecko_sdk_4.3.0/platform/service/device_init/src/sl_device_init_lfxo_s2.o
                0x08001cd4                sl_device_init_lfxo
 .text.sl_device_init_nvic
                0x08001d00       0x3c ./gecko_sdk_4.3.0/platform/service/device_init/src/sl_device_init_nvic.o
                0x08001d00                sl_device_init_nvic
 .text.sl_udelay_wait
                0x08001d3c       0x58 ./gecko_sdk_4.3.0/platform/service/udelay/src/sl_udelay.o
                0x08001d3c                sl_udelay_wait
 .text.exit     0x08001d94       0x28 c:/siliconlabs/simplicitystudio/v5/developer/toolchains/gnu_arm/10.3_2021.10/bin/../lib/gcc/arm-none-eabi/10.3.1/../../../../arm-none-eabi/lib/thumb/v8-m.main+fp/hard\libc_nano.a(lib_a-exit.o)
                0x08001d94                exit
 .text.__libc_init_array
                0x08001dbc       0x48 c:/siliconlabs/simplicitystudio/v5/developer/toolchains/gnu_arm/10.3_2021.10/bin/../lib/gcc/arm-none-eabi/10.3.1/../../../../arm-none-eabi/lib/thumb/v8-m.main+fp/hard\libc_nano.a(lib_a-init.o)
                0x08001dbc                __libc_init_array
 .text._exit    0x08001e04        0x4 c:/siliconlabs/simplicitystudio/v5/developer/toolchains/gnu_arm/10.3_2021.10/bin/../lib/gcc/arm-none-eabi/10.3.1/../../../../arm-none-eabi/lib/thumb/v8-m.main+fp/hard\libnosys.a(_exit.o)
                0x08001e04                _exit
 .text.startup.main
                0x08001e08       0x14 ./main.o
                0x08001e08                main
 .text.sl_board_default_init
                0x08001e1c        0x4 ./autogen/sl_board_default_init.o
                0x08001e1c                sl_board_default_init
 .text.sl_driver_init
                0x08001e20        0xe ./autogen/sl_event_handler.o
                0x08001e20                sl_driver_init
 .text.sl_service_init
                0x08001e2e        0x4 ./autogen/sl_event_handler.o
                0x08001e2e                sl_service_init
 .text.sl_stack_init
                0x08001e32        0x2 ./autogen/sl_event_handler.o
                0x08001e32                sl_stack_init
 .text.sl_internal_app_init
                0x08001e34        0x2 ./autogen/sl_event_handler.o
                0x08001e34                sl_internal_app_init
 .text.sl_platform_process_action
                0x08001e36        0x2 ./autogen/sl_event_handler.o
                0x08001e36                sl_platform_process_action
 .text.sl_service_process_action
                0x08001e38        0x2 ./autogen/sl_event_handler.o
                0x08001e38                sl_service_process_action
 .text.sl_stack_process_action
                0x08001e3a        0x2 ./autogen/sl_event_handler.o
                0x08001e3a                sl_stack_process_action
 .text.sl_internal_app_process_action
                0x08001e3c        0x2 ./autogen/sl_event_handler.o
                0x08001e3c                sl_internal_app_process_action
 .text.sl_board_configure_vcom
                0x08001e3e        0x4 ./gecko_sdk_4.3.0/hardware/board/src/sl_board_control_gpio.o
                0x08001e3e                sl_board_configure_vcom
 .text.sl_board_disable_vcom
                0x08001e42       0x12 ./gecko_sdk_4.3.0/hardware/board/src/sl_board_control_gpio.o
                0x08001e42                sl_board_disable_vcom
 .text.sl_board_init
                0x08001e54       0x16 ./gecko_sdk_4.3.0/hardware/board/src/sl_board_init.o
                0x08001e54                sl_board_init
 .text.sl_board_preinit
                0x08001e6a        0x8 ./gecko_sdk_4.3.0/hardware/board/src/sl_board_init.o
                0x08001e6a                sl_board_preinit
 .text.sl_cos_send_config
                0x08001e72       0x12 ./gecko_sdk_4.3.0/hardware/driver/configuration_over_swo/src/sl_cos.o
                0x08001e72                sl_cos_send_config
 .text.Default_Handler
                0x08001e84        0x2 ./gecko_sdk_4.3.0/platform/Device/SiliconLabs/EFR32MG24/Source/startup_efr32mg24.o
                0x08001e84                ULFRCO_IRQHandler
                0x08001e84                AHB2AHB1_IRQHandler
                0x08001e84                SW2_IRQHandler
                0x08001e84                TIMER2_IRQHandler
                0x08001e84                DebugMon_Handler
                0x08001e84                USART0_TX_IRQHandler
                0x08001e84                IADC_IRQHandler
                0x08001e84                EUSART0_TX_IRQHandler
                0x08001e84                I2C0_IRQHandler
                0x08001e84                LFXO_IRQHandler
                0x08001e84                HardFault_Handler
                0x08001e84                SMU_SECURE_IRQHandler
                0x08001e84                SysTick_Handler
                0x08001e84                SYSRTC_SEQ_IRQHandler
                0x08001e84                EMUEFP_IRQHandler
                0x08001e84                PendSV_Handler
                0x08001e84                NMI_Handler
                0x08001e84                SYNTH_IRQHandler
                0x08001e84                HOSTMAILBOX_IRQHandler
                0x08001e84                HFXO0_IRQHandler
                0x08001e84                I2C1_IRQHandler
                0x08001e84                WDOG0_IRQHandler
                0x08001e84                TIMER3_IRQHandler
                0x08001e84                SYSCFG_IRQHandler
                0x08001e84                RFECA1_IRQHandler
                0x08001e84                EMUDG_IRQHandler
                0x08001e84                MSC_IRQHandler
                0x08001e84                DPLL0_IRQHandler
                0x08001e84                UsageFault_Handler
                0x08001e84                WDOG1_IRQHandler
                0x08001e84                M33CTI1_IRQHandler
                0x08001e84                TIMER4_IRQHandler
                0x08001e84                GPIO_EVEN_IRQHandler
                0x08001e84                VDAC0_IRQHandler
                0x08001e84                LDMA_IRQHandler
                0x08001e84                SEMBTX_IRQHandler
                0x08001e84                SW0_IRQHandler
                0x08001e84                TIMER0_IRQHandler
                0x08001e84                MVP_IRQHandler
                0x08001e84                LETIMER0_IRQHandler
                0x08001e84                EUSART1_RX_IRQHandler
                0x08001e84                TIMER1_IRQHandler
                0x08001e84                HFRCO0_IRQHandler
                0x08001e84                SecureFault_Handler
                0x08001e84                BUFC_IRQHandler
                0x08001e84                DCDC_IRQHandler
                0x08001e84                MODEM_IRQHandler
                0x08001e84                Default_Handler
                0x08001e84                RAC_SEQ_IRQHandler
                0x08001e84                FRC_PRI_IRQHandler
                0x08001e84                EMU_IRQHandler
                0x08001e84                SW3_IRQHandler
                0x08001e84                KERNEL0_IRQHandler
                0x08001e84                FRC_IRQHandler
                0x08001e84                PCNT0_IRQHandler
                0x08001e84                KERNEL1_IRQHandler
                0x08001e84                AGC_IRQHandler
                0x08001e84                EUSART1_TX_IRQHandler
                0x08001e84                KEYSCAN_IRQHandler
                0x08001e84                sl_app_properties
                0x08001e84                HFRCOEM23_IRQHandler
                0x08001e84                BURTC_IRQHandler
                0x08001e84                SEMBRX_IRQHandler
                0x08001e84                RFECA0_IRQHandler
                0x08001e84                LFRCO_IRQHandler
                0x08001e84                VDAC1_IRQHandler
                0x08001e84                ACMP0_IRQHandler
                0x08001e84                USART0_RX_IRQHandler
                0x08001e84                MemManage_Handler
                0x08001e84                AHB2AHB0_IRQHandler
                0x08001e84                SVC_Handler
                0x08001e84                SMU_S_PRIVILEGED_IRQHandler
                0x08001e84                SW1_IRQHandler
                0x08001e84                CMU_IRQHandler
                0x08001e84                EUSART0_RX_IRQHandler
                0x08001e84                RAC_RSM_IRQHandler
                0x08001e84                SETAMPERHOST_IRQHandler
                0x08001e84                GPIO_ODD_IRQHandler
                0x08001e84                AES_IRQHandler
                0x08001e84                M33CTI0_IRQHandler
                0x08001e84                ICACHE0_IRQHandler
                0x08001e84                SMU_NS_PRIVILEGED_IRQHandler
                0x08001e84                FPUEXH_IRQHandler
                0x08001e84                PROTIMER_IRQHandler
                0x08001e84                ACMP1_IRQHandler
                0x08001e84                BusFault_Handler
                0x08001e84                MPAHBRAM_IRQHandler
                0x08001e84                SYSRTC_APP_IRQHandler
 .text.SystemCLKIN0Get
                0x08001e86        0x4 ./gecko_sdk_4.3.0/platform/Device/SiliconLabs/EFR32MG24/Source/system_efr32mg24.o
                0x08001e86                SystemCLKIN0Get
 .text.SystemLFRCOClockGet
                0x08001e8a        0x6 ./gecko_sdk_4.3.0/platform/Device/SiliconLabs/EFR32MG24/Source/system_efr32mg24.o
                0x08001e8a                SystemLFRCOClockGet
 .text.SystemULFRCOClockGet
                0x08001e90        0x6 ./gecko_sdk_4.3.0/platform/Device/SiliconLabs/EFR32MG24/Source/system_efr32mg24.o
                0x08001e90                SystemULFRCOClockGet
 .text.assertEFM
                0x08001e96        0x2 ./gecko_sdk_4.3.0/platform/common/src/sl_assert.o
                0x08001e96                assertEFM
 .text.sl_debug_swo_enable_itm
                0x08001e98       0x18 ./gecko_sdk_4.3.0/platform/driver/debug/src/sl_debug_swo.o
                0x08001e98                sl_debug_swo_enable_itm
 .text.sl_debug_swo_disable_itm
                0x08001eb0       0x1a ./gecko_sdk_4.3.0/platform/driver/debug/src/sl_debug_swo.o
                0x08001eb0                sl_debug_swo_disable_itm
 .text.BUS_RegMaskedWrite
                0x08001eca       0x22 ./gecko_sdk_4.3.0/platform/emlib/src/em_cmu.o
 .text.waitStateMax
                0x08001eec       0x10 ./gecko_sdk_4.3.0/platform/emlib/src/em_cmu.o
 .text.CMU_UpdateWaitStates
                0x08001efc        0xc ./gecko_sdk_4.3.0/platform/emlib/src/em_cmu.o
                0x08001efc                CMU_UpdateWaitStates
 .text.pclkDivMax
                0x08001f08        0xa ./gecko_sdk_4.3.0/platform/emlib/src/em_cmu.o
 .text.sli_em_cmu_SYSCLKInitPostClockSelect
                0x08001f12       0x2a ./gecko_sdk_4.3.0/platform/emlib/src/em_cmu.o
                0x08001f12                sli_em_cmu_SYSCLKInitPostClockSelect
 .text.CORE_EnterCritical
                0x08001f3c        0x8 ./gecko_sdk_4.3.0/platform/emlib/src/em_core.o
                0x08001f3c                CORE_EnterCritical
 .text.CORE_ExitCritical
                0x08001f44        0x6 ./gecko_sdk_4.3.0/platform/emlib/src/em_core.o
                0x08001f44                CORE_ExitCritical
 .text.EMU_EFPEM01VScale
                0x08001f4a        0x2 ./gecko_sdk_4.3.0/platform/emlib/src/em_emu.o
                0x08001f4a                EMU_EFPEM01VScale
 .text.EMU_DCDCUpdatedHook
                0x08001f4c        0x2 ./gecko_sdk_4.3.0/platform/emlib/src/em_emu.o
                0x08001f4c                EMU_DCDCUpdatedHook
 .text.BUS_RegMaskedWrite
                0x08001f4e       0x22 ./gecko_sdk_4.3.0/platform/emlib/src/em_gpio.o
 .text.GPIO_DbgLocationSet
                0x08001f70        0x2 ./gecko_sdk_4.3.0/platform/emlib/src/em_gpio.o
                0x08001f70                GPIO_DbgLocationSet
 .text.USART_SpiTransfer
                0x08001f72       0x14 ./gecko_sdk_4.3.0/platform/emlib/src/em_usart.o
                0x08001f72                USART_SpiTransfer
 .text.sl_system_init
                0x08001f86       0x1a ./gecko_sdk_4.3.0/platform/service/system/src/sl_system_init.o
                0x08001f86                sl_system_init
 .text.sl_system_process_action
                0x08001fa0       0x16 ./gecko_sdk_4.3.0/platform/service/system/src/sl_system_process_action.o
                0x08001fa0                sl_system_process_action
 .text.memset   0x08001fb6       0x10 c:/siliconlabs/simplicitystudio/v5/developer/toolchains/gnu_arm/10.3_2021.10/bin/../lib/gcc/arm-none-eabi/10.3.1/../../../../arm-none-eabi/lib/thumb/v8-m.main+fp/hard\libc_nano.a(lib_a-memset.o)
                0x08001fb6                memset
                0x08001fc6                linker_code_end = .
 *(.init)
 *fill*         0x08001fc6        0x2 
 .init          0x08001fc8        0x4 c:/siliconlabs/simplicitystudio/v5/developer/toolchains/gnu_arm/10.3_2021.10/bin/../lib/gcc/arm-none-eabi/10.3.1/thumb/v8-m.main+fp/hard/crti.o
                0x08001fc8                _init
 .init          0x08001fcc        0x8 c:/siliconlabs/simplicitystudio/v5/developer/toolchains/gnu_arm/10.3_2021.10/bin/../lib/gcc/arm-none-eabi/10.3.1/thumb/v8-m.main+fp/hard/crtn.o
 *(.fini)
 .fini          0x08001fd4        0x4 c:/siliconlabs/simplicitystudio/v5/developer/toolchains/gnu_arm/10.3_2021.10/bin/../lib/gcc/arm-none-eabi/10.3.1/thumb/v8-m.main+fp/hard/crti.o
                0x08001fd4                _fini
 .fini          0x08001fd8        0x8 c:/siliconlabs/simplicitystudio/v5/developer/toolchains/gnu_arm/10.3_2021.10/bin/../lib/gcc/arm-none-eabi/10.3.1/thumb/v8-m.main+fp/hard/crtn.o
 *crtbegin.o(.ctors)
 *crtbegin?.o(.ctors)
 *(EXCLUDE_FILE(*crtend.o *crtend?.o) .ctors)
 *(SORT_BY_NAME(.ctors.*))
 *(.ctors)
 *crtbegin.o(.dtors)
 *crtbegin?.o(.dtors)
 *(EXCLUDE_FILE(*crtend.o *crtend?.o) .dtors)
 *(SORT_BY_NAME(.dtors.*))
 *(.dtors)
 *(.rodata*)
 .rodata        0x08001fe0       0x1c ./gecko_sdk_4.3.0/hardware/driver/mx25_flash_shutdown/src/sl_mx25_flash_shutdown_usart/sl_mx25_flash_shutdown.o
 .rodata.HFRCODPLLDevinfoGet.str1.1
                0x08001ffc       0x4d ./gecko_sdk_4.3.0/platform/emlib/src/em_cmu.o
 .rodata.EMU_VScaleEM01.str1.1
                0x08002049       0x4d ./gecko_sdk_4.3.0/platform/emlib/src/em_emu.o
 .rodata.GPIO_PinOutSet.str1.1
                0x08002096       0x4e ./gecko_sdk_4.3.0/platform/emlib/src/em_gpio.o
 .rodata.GPIO_ExtIntConfig.str1.1
                0x080020e4       0x4e ./gecko_sdk_4.3.0/platform/emlib/src/em_gpio.o
 .rodata.USART_BaudrateAsyncSet.str1.1
                0x08002132       0x4f ./gecko_sdk_4.3.0/platform/emlib/src/em_usart.o
 .rodata        0x08002181        0x7 ./gecko_sdk_4.3.0/platform/service/device_init/src/sl_device_init_dcdc_s2.o
 .rodata        0x08002188       0x28 ./gecko_sdk_4.3.0/platform/service/device_init/src/sl_device_init_hfxo_s2.o
 .rodata        0x080021b0       0x14 ./gecko_sdk_4.3.0/platform/service/device_init/src/sl_device_init_lfxo_s2.o
 .rodata.sl_udelay_wait.str1.1
                0x080021c4       0x59 ./gecko_sdk_4.3.0/platform/service/udelay/src/sl_udelay.o
 *fill*         0x0800221d        0x3 
 .rodata._global_impure_ptr
                0x08002220        0x4 c:/siliconlabs/simplicitystudio/v5/developer/toolchains/gnu_arm/10.3_2021.10/bin/../lib/gcc/arm-none-eabi/10.3.1/../../../../arm-none-eabi/lib/thumb/v8-m.main+fp/hard\libc_nano.a(lib_a-impure.o)
                0x08002220                _global_impure_ptr
 *(.eh_frame*)
 .eh_frame      0x08002224        0x0 c:/siliconlabs/simplicitystudio/v5/developer/toolchains/gnu_arm/10.3_2021.10/bin/../lib/gcc/arm-none-eabi/10.3.1/thumb/v8-m.main+fp/hard/crtbegin.o

.glue_7         0x08002224        0x0
 .glue_7        0x08002224        0x0 linker stubs

.glue_7t        0x08002224        0x0
 .glue_7t       0x08002224        0x0 linker stubs

.vfp11_veneer   0x08002224        0x0
 .vfp11_veneer  0x08002224        0x0 linker stubs

.v4_bx          0x08002224        0x0
 .v4_bx         0x08002224        0x0 linker stubs

.iplt           0x08002224        0x0
 .iplt          0x08002224        0x0 c:/siliconlabs/simplicitystudio/v5/developer/toolchains/gnu_arm/10.3_2021.10/bin/../lib/gcc/arm-none-eabi/10.3.1/thumb/v8-m.main+fp/hard/crtbegin.o

.ARM.extab
 *(.ARM.extab* .gnu.linkonce.armextab.*)
                0x08002224                __exidx_start = .

.ARM.exidx      0x08002224        0x8
 *(.ARM.exidx* .gnu.linkonce.armexidx.*)
 .ARM.exidx     0x08002224        0x8 c:/siliconlabs/simplicitystudio/v5/developer/toolchains/gnu_arm/10.3_2021.10/bin/../lib/gcc/arm-none-eabi/10.3.1/../../../../arm-none-eabi/lib/thumb/v8-m.main+fp/hard/crt0.o
                                 0x10 (size before relaxing)
                0x0800222c                __exidx_end = .

.rel.dyn        0x0800222c        0x0
 .rel.iplt      0x0800222c        0x0 c:/siliconlabs/simplicitystudio/v5/developer/toolchains/gnu_arm/10.3_2021.10/bin/../lib/gcc/arm-none-eabi/10.3.1/thumb/v8-m.main+fp/hard/crtbegin.o

.copy.table     0x0800222c        0xc
                0x0800222c                . = ALIGN (0x4)
                0x0800222c                __copy_table_start__ = .
                0x0800222c        0x4 LONG 0x8002238 __etext
                0x08002230        0x4 LONG 0x20001000 __data_start__
                0x08002234        0x4 LONG 0x20 ((__data_end__ - __data_start__) / 0x4)
                0x08002238                __copy_table_end__ = .

.zero.table     0x08002238        0x0
                0x08002238                . = ALIGN (0x4)
                0x08002238                __zero_table_start__ = .
                0x08002238                __zero_table_end__ = .
                0x08002238                __etext = .
                0x20000000                . = ORIGIN (RAM)

.stack          0x20000000     0x1000
                0x20000000                __StackLimit = .
 *(.stack*)
 .stack         0x20000000     0x1000 ./gecko_sdk_4.3.0/platform/common/toolchain/src/sl_memory.o
                0x20001000                . = ALIGN (0x4)
                0x20001000                __StackTop = .
                0x20001000                PROVIDE (__stack = __StackTop)

.noinit
 *(.noinit*)

.data           0x20001000       0x80 load address 0x08002238
                0x20001000                . = ALIGN (0x4)
                0x20001000                __data_start__ = .
 *(vtable)
 *(SORT_BY_ALIGNMENT(.data*))
 .data.SystemCoreClock
                0x20001000        0x4 ./gecko_sdk_4.3.0/platform/Device/SiliconLabs/EFR32MG24/Source/system_efr32mg24.o
                0x20001000                SystemCoreClock
 .data.SystemHFRCODPLLClock
                0x20001004        0x4 ./gecko_sdk_4.3.0/platform/Device/SiliconLabs/EFR32MG24/Source/system_efr32mg24.o
 .data.SystemHFXOClock
                0x20001008        0x4 ./gecko_sdk_4.3.0/platform/Device/SiliconLabs/EFR32MG24/Source/system_efr32mg24.o
 .data.SystemLFXOClock
                0x2000100c        0x4 ./gecko_sdk_4.3.0/platform/Device/SiliconLabs/EFR32MG24/Source/system_efr32mg24.o
 .data.impure_data
                0x20001010       0x60 c:/siliconlabs/simplicitystudio/v5/developer/toolchains/gnu_arm/10.3_2021.10/bin/../lib/gcc/arm-none-eabi/10.3.1/../../../../arm-none-eabi/lib/thumb/v8-m.main+fp/hard\libc_nano.a(lib_a-impure.o)
 .data.hfxo_precision
                0x20001070        0x2 ./gecko_sdk_4.3.0/platform/emlib/src/em_cmu.o
 .data.lfxo_precision
                0x20001072        0x2 ./gecko_sdk_4.3.0/platform/emlib/src/em_cmu.o
 .data.ctuneDelta
                0x20001074        0x1 ./gecko_sdk_4.3.0/platform/emlib/src/em_cmu.o
                0x20001078                . = ALIGN (0x4)
 *fill*         0x20001075        0x3 
                [!provide]                PROVIDE (__ram_func_section_start = .)
 *(.ram)
                [!provide]                PROVIDE (__ram_func_section_end = .)
                0x20001078                . = ALIGN (0x4)
                0x20001078                PROVIDE (__preinit_array_start = .)
 *(.preinit_array)
                0x20001078                PROVIDE (__preinit_array_end = .)
                0x20001078                . = ALIGN (0x4)
                0x20001078                PROVIDE (__init_array_start = .)
 *(SORT_BY_NAME(.init_array.*))
 *(.init_array)
 .init_array    0x20001078        0x4 c:/siliconlabs/simplicitystudio/v5/developer/toolchains/gnu_arm/10.3_2021.10/bin/../lib/gcc/arm-none-eabi/10.3.1/thumb/v8-m.main+fp/hard/crtbegin.o
                0x2000107c                PROVIDE (__init_array_end = .)
                0x2000107c                . = ALIGN (0x4)
                [!provide]                PROVIDE (__fini_array_start = .)
 *(SORT_BY_NAME(.fini_array.*))
 *(.fini_array)
 .fini_array    0x2000107c        0x4 c:/siliconlabs/simplicitystudio/v5/developer/toolchains/gnu_arm/10.3_2021.10/bin/../lib/gcc/arm-none-eabi/10.3.1/thumb/v8-m.main+fp/hard/crtbegin.o
                [!provide]                PROVIDE (__fini_array_end = .)
                0x20001080                . = ALIGN (0x4)
                0x20001080                __data_end__ = .

.igot.plt       0x20001080        0x0 load address 0x080022b8
 .igot.plt      0x20001080        0x0 c:/siliconlabs/simplicitystudio/v5/developer/toolchains/gnu_arm/10.3_2021.10/bin/../lib/gcc/arm-none-eabi/10.3.1/thumb/v8-m.main+fp/hard/crtbegin.o

.bss            0x20001080       0x20 load address 0x080022b8
                0x20001080                . = ALIGN (0x4)
                0x20001080                __bss_start__ = .
 *(SORT_BY_ALIGNMENT(.bss*))
 .bss           0x20001080       0x1c c:/siliconlabs/simplicitystudio/v5/developer/toolchains/gnu_arm/10.3_2021.10/bin/../lib/gcc/arm-none-eabi/10.3.1/thumb/v8-m.main+fp/hard/crtbegin.o
 .bss.vScaleEM01Config
                0x2000109c        0x1 ./gecko_sdk_4.3.0/platform/emlib/src/em_emu.o
 *(COMMON)
                0x200010a0                . = ALIGN (0x4)
 *fill*         0x2000109d        0x3 
                0x200010a0                __bss_end__ = .

.heap           0x200010a0      0x800
                0x200010a0                __HeapBase = .
                0x200010a0                __end__ = .
                0x200010a0                end = __end__
                0x200010a0                _end = __end__
 *(.heap*)
 .heap          0x200010a0      0x800 ./gecko_sdk_4.3.0/platform/common/toolchain/src/sl_memory.o
                0x20040000                __HeapLimit = (ORIGIN (RAM) + LENGTH (RAM))
                0x0003ef60                __heap_size = (__HeapLimit - __HeapBase)
                0x20040000                __ram_end__ = 0x20040000
                0x0817e000                __main_flash_end__ = 0x817e000

.internal_storage
                0x08002238        0x0
 *(.internal_storage*)

.nvm            0x08002238        0x0
 *(.simee*)
                0x0817e000                linker_nvm_end = __main_flash_end__
                0x0817e000                linker_nvm_begin = (linker_nvm_end - SIZEOF (.nvm))
                0x00000000                linker_nvm_size = SIZEOF (.nvm)
                0x0817e000                linker_storage_end = linker_nvm_begin
                0x0817e000                __nvm3Base = linker_nvm_begin
                0x0817e000                linker_storage_begin = (linker_storage_end - SIZEOF (.internal_storage))
                0x00000000                linker_storage_size = SIZEOF (.internal_storage)
                0x00000001                ASSERT ((linker_storage_begin >= (__etext + SIZEOF (.data))), FLASH memory overflowed !)
                0x0817e000                app_flash_end = 0x817e000
                0x00000001                ASSERT (((linker_nvm_begin + SIZEOF (.nvm)) <= app_flash_end), NVM3 is excessing the flash size !)
OUTPUT(blink-silabs-efr32mg24b.axf elf32-littlearm)
LOAD linker stubs

.ARM.attributes
                0x00000000       0x36
 .ARM.attributes
                0x00000000       0x22 c:/siliconlabs/simplicitystudio/v5/developer/toolchains/gnu_arm/10.3_2021.10/bin/../lib/gcc/arm-none-eabi/10.3.1/thumb/v8-m.main+fp/hard/crti.o
 .ARM.attributes
                0x00000022       0x38 c:/siliconlabs/simplicitystudio/v5/developer/toolchains/gnu_arm/10.3_2021.10/bin/../lib/gcc/arm-none-eabi/10.3.1/thumb/v8-m.main+fp/hard/crtbegin.o
 .ARM.attributes
                0x0000005a       0x20 c:/siliconlabs/simplicitystudio/v5/developer/toolchains/gnu_arm/10.3_2021.10/bin/../lib/gcc/arm-none-eabi/10.3.1/../../../../arm-none-eabi/lib/thumb/v8-m.main+fp/hard/crt0.o
 .ARM.attributes
                0x0000007a       0x3a ./app.o
 .ARM.attributes
                0x000000b4       0x3a ./main.o
 .ARM.attributes
                0x000000ee       0x3a ./autogen/sl_board_default_init.o
 .ARM.attributes
                0x00000128       0x3a ./autogen/sl_device_init_clocks.o
 .ARM.attributes
                0x00000162       0x3a ./autogen/sl_event_handler.o
 .ARM.attributes
                0x0000019c       0x3a ./gecko_sdk_4.3.0/hardware/board/src/sl_board_control_gpio.o
 .ARM.attributes
                0x000001d6       0x3a ./gecko_sdk_4.3.0/hardware/board/src/sl_board_init.o
 .ARM.attributes
                0x00000210       0x3a ./gecko_sdk_4.3.0/hardware/driver/configuration_over_swo/src/sl_cos.o
 .ARM.attributes
                0x0000024a       0x3a ./gecko_sdk_4.3.0/hardware/driver/mx25_flash_shutdown/src/sl_mx25_flash_shutdown_usart/sl_mx25_flash_shutdown.o
 .ARM.attributes
                0x00000284       0x3a ./gecko_sdk_4.3.0/platform/Device/SiliconLabs/EFR32MG24/Source/startup_efr32mg24.o
 .ARM.attributes
                0x000002be       0x3a ./gecko_sdk_4.3.0/platform/Device/SiliconLabs/EFR32MG24/Source/system_efr32mg24.o
 .ARM.attributes
                0x000002f8       0x3a ./gecko_sdk_4.3.0/platform/common/src/sl_assert.o
 .ARM.attributes
                0x00000332       0x3a ./gecko_sdk_4.3.0/platform/common/toolchain/src/sl_memory.o
 .ARM.attributes
                0x0000036c       0x3a ./gecko_sdk_4.3.0/platform/driver/debug/src/sl_debug_swo.o
 .ARM.attributes
                0x000003a6       0x3a ./gecko_sdk_4.3.0/platform/emlib/src/em_cmu.o
 .ARM.attributes
                0x000003e0       0x3a ./gecko_sdk_4.3.0/platform/emlib/src/em_core.o
 .ARM.attributes
                0x0000041a       0x3a ./gecko_sdk_4.3.0/platform/emlib/src/em_emu.o
 .ARM.attributes
                0x00000454       0x3a ./gecko_sdk_4.3.0/platform/emlib/src/em_gpio.o
 .ARM.attributes
                0x0000048e       0x3a ./gecko_sdk_4.3.0/platform/emlib/src/em_system.o
 .ARM.attributes
                0x000004c8       0x3a ./gecko_sdk_4.3.0/platform/emlib/src/em_usart.o
 .ARM.attributes
                0x00000502       0x3a ./gecko_sdk_4.3.0/platform/service/device_init/src/sl_device_init_dcdc_s2.o
 .ARM.attributes
                0x0000053c       0x3a ./gecko_sdk_4.3.0/platform/service/device_init/src/sl_device_init_emu_s2.o
 .ARM.attributes
                0x00000576       0x3a ./gecko_sdk_4.3.0/platform/service/device_init/src/sl_device_init_hfxo_s2.o
 .ARM.attributes
                0x000005b0       0x3a ./gecko_sdk_4.3.0/platform/service/device_init/src/sl_device_init_lfxo_s2.o
 .ARM.attributes
                0x000005ea       0x3a ./gecko_sdk_4.3.0/platform/service/device_init/src/sl_device_init_nvic.o
 .ARM.attributes
                0x00000624       0x3a ./gecko_sdk_4.3.0/platform/service/system/src/sl_system_init.o
 .ARM.attributes
                0x0000065e       0x3a ./gecko_sdk_4.3.0/platform/service/system/src/sl_system_process_action.o
 .ARM.attributes
                0x00000698       0x3a ./gecko_sdk_4.3.0/platform/service/udelay/src/sl_udelay.o
 .ARM.attributes
                0x000006d2       0x26 ./gecko_sdk_4.3.0/platform/service/udelay/src/sl_udelay_armv6m_gcc.o
 .ARM.attributes
                0x000006f8       0x38 c:/siliconlabs/simplicitystudio/v5/developer/toolchains/gnu_arm/10.3_2021.10/bin/../lib/gcc/arm-none-eabi/10.3.1/../../../../arm-none-eabi/lib/thumb/v8-m.main+fp/hard\libc_nano.a(lib_a-exit.o)
 .ARM.attributes
                0x00000730       0x38 c:/siliconlabs/simplicitystudio/v5/developer/toolchains/gnu_arm/10.3_2021.10/bin/../lib/gcc/arm-none-eabi/10.3.1/../../../../arm-none-eabi/lib/thumb/v8-m.main+fp/hard\libc_nano.a(lib_a-impure.o)
 .ARM.attributes
                0x00000768       0x38 c:/siliconlabs/simplicitystudio/v5/developer/toolchains/gnu_arm/10.3_2021.10/bin/../lib/gcc/arm-none-eabi/10.3.1/../../../../arm-none-eabi/lib/thumb/v8-m.main+fp/hard\libc_nano.a(lib_a-init.o)
 .ARM.attributes
                0x000007a0       0x38 c:/siliconlabs/simplicitystudio/v5/developer/toolchains/gnu_arm/10.3_2021.10/bin/../lib/gcc/arm-none-eabi/10.3.1/../../../../arm-none-eabi/lib/thumb/v8-m.main+fp/hard\libc_nano.a(lib_a-memset.o)
 .ARM.attributes
                0x000007d8       0x38 c:/siliconlabs/simplicitystudio/v5/developer/toolchains/gnu_arm/10.3_2021.10/bin/../lib/gcc/arm-none-eabi/10.3.1/../../../../arm-none-eabi/lib/thumb/v8-m.main+fp/hard\libnosys.a(_exit.o)
 .ARM.attributes
                0x00000810       0x22 c:/siliconlabs/simplicitystudio/v5/developer/toolchains/gnu_arm/10.3_2021.10/bin/../lib/gcc/arm-none-eabi/10.3.1/thumb/v8-m.main+fp/hard/crtn.o

.comment        0x00000000       0x49
 .comment       0x00000000       0x49 ./app.o
                                 0x4a (size before relaxing)
 .comment       0x00000049       0x4a ./main.o
 .comment       0x00000049       0x4a ./autogen/sl_board_default_init.o
 .comment       0x00000049       0x4a ./autogen/sl_device_init_clocks.o
 .comment       0x00000049       0x4a ./autogen/sl_event_handler.o
 .comment       0x00000049       0x4a ./gecko_sdk_4.3.0/hardware/board/src/sl_board_control_gpio.o
 .comment       0x00000049       0x4a ./gecko_sdk_4.3.0/hardware/board/src/sl_board_init.o
 .comment       0x00000049       0x4a ./gecko_sdk_4.3.0/hardware/driver/configuration_over_swo/src/sl_cos.o
 .comment       0x00000049       0x4a ./gecko_sdk_4.3.0/hardware/driver/mx25_flash_shutdown/src/sl_mx25_flash_shutdown_usart/sl_mx25_flash_shutdown.o
 .comment       0x00000049       0x4a ./gecko_sdk_4.3.0/platform/Device/SiliconLabs/EFR32MG24/Source/startup_efr32mg24.o
 .comment       0x00000049       0x4a ./gecko_sdk_4.3.0/platform/Device/SiliconLabs/EFR32MG24/Source/system_efr32mg24.o
 .comment       0x00000049       0x4a ./gecko_sdk_4.3.0/platform/common/src/sl_assert.o
 .comment       0x00000049       0x4a ./gecko_sdk_4.3.0/platform/common/toolchain/src/sl_memory.o
 .comment       0x00000049       0x4a ./gecko_sdk_4.3.0/platform/driver/debug/src/sl_debug_swo.o
 .comment       0x00000049       0x4a ./gecko_sdk_4.3.0/platform/emlib/src/em_cmu.o
 .comment       0x00000049       0x4a ./gecko_sdk_4.3.0/platform/emlib/src/em_core.o
 .comment       0x00000049       0x4a ./gecko_sdk_4.3.0/platform/emlib/src/em_emu.o
 .comment       0x00000049       0x4a ./gecko_sdk_4.3.0/platform/emlib/src/em_gpio.o
 .comment       0x00000049       0x4a ./gecko_sdk_4.3.0/platform/emlib/src/em_system.o
 .comment       0x00000049       0x4a ./gecko_sdk_4.3.0/platform/emlib/src/em_usart.o
 .comment       0x00000049       0x4a ./gecko_sdk_4.3.0/platform/service/device_init/src/sl_device_init_dcdc_s2.o
 .comment       0x00000049       0x4a ./gecko_sdk_4.3.0/platform/service/device_init/src/sl_device_init_emu_s2.o
 .comment       0x00000049       0x4a ./gecko_sdk_4.3.0/platform/service/device_init/src/sl_device_init_hfxo_s2.o
 .comment       0x00000049       0x4a ./gecko_sdk_4.3.0/platform/service/device_init/src/sl_device_init_lfxo_s2.o
 .comment       0x00000049       0x4a ./gecko_sdk_4.3.0/platform/service/device_init/src/sl_device_init_nvic.o
 .comment       0x00000049       0x4a ./gecko_sdk_4.3.0/platform/service/system/src/sl_system_init.o
 .comment       0x00000049       0x4a ./gecko_sdk_4.3.0/platform/service/system/src/sl_system_process_action.o
 .comment       0x00000049       0x4a ./gecko_sdk_4.3.0/platform/service/udelay/src/sl_udelay.o

.debug_info     0x00000000    0x276d6
 .debug_info    0x00000000     0x1848 ./app.o
 .debug_info    0x00001848       0xac ./main.o
 .debug_info    0x000018f4       0xa3 ./autogen/sl_board_default_init.o
 .debug_info    0x00001997     0x1422 ./autogen/sl_device_init_clocks.o
 .debug_info    0x00002db9     0x10b9 ./autogen/sl_event_handler.o
 .debug_info    0x00003e72      0x550 ./gecko_sdk_4.3.0/hardware/board/src/sl_board_control_gpio.o
 .debug_info    0x000043c2      0x2d4 ./gecko_sdk_4.3.0/hardware/board/src/sl_board_init.o
 .debug_info    0x00004696      0x404 ./gecko_sdk_4.3.0/hardware/driver/configuration_over_swo/src/sl_cos.o
 .debug_info    0x00004a9a     0x2499 ./gecko_sdk_4.3.0/hardware/driver/mx25_flash_shutdown/src/sl_mx25_flash_shutdown_usart/sl_mx25_flash_shutdown.o
 .debug_info    0x00006f33      0x327 ./gecko_sdk_4.3.0/platform/Device/SiliconLabs/EFR32MG24/Source/startup_efr32mg24.o
 .debug_info    0x0000725a     0x241b ./gecko_sdk_4.3.0/platform/Device/SiliconLabs/EFR32MG24/Source/system_efr32mg24.o
 .debug_info    0x00009675       0x86 ./gecko_sdk_4.3.0/platform/common/src/sl_assert.o
 .debug_info    0x000096fb      0x205 ./gecko_sdk_4.3.0/platform/common/toolchain/src/sl_memory.o
 .debug_info    0x00009900     0x32ae ./gecko_sdk_4.3.0/platform/driver/debug/src/sl_debug_swo.o
 .debug_info    0x0000cbae     0xa7f5 ./gecko_sdk_4.3.0/platform/emlib/src/em_cmu.o
 .debug_info    0x000173a3     0x13fc ./gecko_sdk_4.3.0/platform/emlib/src/em_core.o
 .debug_info    0x0001879f     0x3a8e ./gecko_sdk_4.3.0/platform/emlib/src/em_emu.o
 .debug_info    0x0001c22d     0x2755 ./gecko_sdk_4.3.0/platform/emlib/src/em_gpio.o
 .debug_info    0x0001e982     0x1e67 ./gecko_sdk_4.3.0/platform/emlib/src/em_system.o
 .debug_info    0x000207e9     0x4a09 ./gecko_sdk_4.3.0/platform/emlib/src/em_usart.o
 .debug_info    0x000251f2      0x357 ./gecko_sdk_4.3.0/platform/service/device_init/src/sl_device_init_dcdc_s2.o
 .debug_info    0x00025549      0xb36 ./gecko_sdk_4.3.0/platform/service/device_init/src/sl_device_init_emu_s2.o
 .debug_info    0x0002607f      0x894 ./gecko_sdk_4.3.0/platform/service/device_init/src/sl_device_init_hfxo_s2.o
 .debug_info    0x00026913      0x271 ./gecko_sdk_4.3.0/platform/service/device_init/src/sl_device_init_lfxo_s2.o
 .debug_info    0x00026b84      0x84f ./gecko_sdk_4.3.0/platform/service/device_init/src/sl_device_init_nvic.o
 .debug_info    0x000273d3       0xba ./gecko_sdk_4.3.0/platform/service/system/src/sl_system_init.o
 .debug_info    0x0002748d       0xa3 ./gecko_sdk_4.3.0/platform/service/system/src/sl_system_process_action.o
 .debug_info    0x00027530      0x180 ./gecko_sdk_4.3.0/platform/service/udelay/src/sl_udelay.o
 .debug_info    0x000276b0       0x26 ./gecko_sdk_4.3.0/platform/service/udelay/src/sl_udelay_armv6m_gcc.o

.debug_abbrev   0x00000000     0x328d
 .debug_abbrev  0x00000000      0x1a4 ./app.o
 .debug_abbrev  0x000001a4       0x5c ./main.o
 .debug_abbrev  0x00000200       0x6a ./autogen/sl_board_default_init.o
 .debug_abbrev  0x0000026a       0xe1 ./autogen/sl_device_init_clocks.o
 .debug_abbrev  0x0000034b      0x1e9 ./autogen/sl_event_handler.o
 .debug_abbrev  0x00000534      0x17f ./gecko_sdk_4.3.0/hardware/board/src/sl_board_control_gpio.o
 .debug_abbrev  0x000006b3       0xf3 ./gecko_sdk_4.3.0/hardware/board/src/sl_board_init.o
 .debug_abbrev  0x000007a6      0x207 ./gecko_sdk_4.3.0/hardware/driver/configuration_over_swo/src/sl_cos.o
 .debug_abbrev  0x000009ad      0x1fe ./gecko_sdk_4.3.0/hardware/driver/mx25_flash_shutdown/src/sl_mx25_flash_shutdown_usart/sl_mx25_flash_shutdown.o
 .debug_abbrev  0x00000bab      0x1c9 ./gecko_sdk_4.3.0/platform/Device/SiliconLabs/EFR32MG24/Source/startup_efr32mg24.o
 .debug_abbrev  0x00000d74      0x325 ./gecko_sdk_4.3.0/platform/Device/SiliconLabs/EFR32MG24/Source/system_efr32mg24.o
 .debug_abbrev  0x00001099       0x6c ./gecko_sdk_4.3.0/platform/common/src/sl_assert.o
 .debug_abbrev  0x00001105      0x11e ./gecko_sdk_4.3.0/platform/common/toolchain/src/sl_memory.o
 .debug_abbrev  0x00001223      0x2cb ./gecko_sdk_4.3.0/platform/driver/debug/src/sl_debug_swo.o
 .debug_abbrev  0x000014ee      0x56f ./gecko_sdk_4.3.0/platform/emlib/src/em_cmu.o
 .debug_abbrev  0x00001a5d      0x329 ./gecko_sdk_4.3.0/platform/emlib/src/em_core.o
 .debug_abbrev  0x00001d86      0x494 ./gecko_sdk_4.3.0/platform/emlib/src/em_emu.o
 .debug_abbrev  0x0000221a      0x314 ./gecko_sdk_4.3.0/platform/emlib/src/em_gpio.o
 .debug_abbrev  0x0000252e      0x297 ./gecko_sdk_4.3.0/platform/emlib/src/em_system.o
 .debug_abbrev  0x000027c5      0x33a ./gecko_sdk_4.3.0/platform/emlib/src/em_usart.o
 .debug_abbrev  0x00002aff       0xed ./gecko_sdk_4.3.0/platform/service/device_init/src/sl_device_init_dcdc_s2.o
 .debug_abbrev  0x00002bec      0x13a ./gecko_sdk_4.3.0/platform/service/device_init/src/sl_device_init_emu_s2.o
 .debug_abbrev  0x00002d26      0x171 ./gecko_sdk_4.3.0/platform/service/device_init/src/sl_device_init_hfxo_s2.o
 .debug_abbrev  0x00002e97       0xef ./gecko_sdk_4.3.0/platform/service/device_init/src/sl_device_init_lfxo_s2.o
 .debug_abbrev  0x00002f86      0x144 ./gecko_sdk_4.3.0/platform/service/device_init/src/sl_device_init_nvic.o
 .debug_abbrev  0x000030ca       0x5f ./gecko_sdk_4.3.0/platform/service/system/src/sl_system_init.o
 .debug_abbrev  0x00003129       0x5f ./gecko_sdk_4.3.0/platform/service/system/src/sl_system_process_action.o
 .debug_abbrev  0x00003188       0xf1 ./gecko_sdk_4.3.0/platform/service/udelay/src/sl_udelay.o
 .debug_abbrev  0x00003279       0x14 ./gecko_sdk_4.3.0/platform/service/udelay/src/sl_udelay_armv6m_gcc.o

.debug_loc      0x00000000     0x807b
 .debug_loc     0x00000000       0x98 ./app.o
 .debug_loc     0x00000098       0x20 ./main.o
 .debug_loc     0x000000b8       0x20 ./autogen/sl_device_init_clocks.o
 .debug_loc     0x000000d8       0x81 ./autogen/sl_event_handler.o
 .debug_loc     0x00000159      0x2ee ./gecko_sdk_4.3.0/hardware/board/src/sl_board_control_gpio.o
 .debug_loc     0x00000447       0x2c ./gecko_sdk_4.3.0/hardware/board/src/sl_board_init.o
 .debug_loc     0x00000473      0x291 ./gecko_sdk_4.3.0/hardware/driver/configuration_over_swo/src/sl_cos.o
 .debug_loc     0x00000704       0x90 ./gecko_sdk_4.3.0/hardware/driver/mx25_flash_shutdown/src/sl_mx25_flash_shutdown_usart/sl_mx25_flash_shutdown.o
 .debug_loc     0x00000794       0x8e ./gecko_sdk_4.3.0/platform/Device/SiliconLabs/EFR32MG24/Source/startup_efr32mg24.o
 .debug_loc     0x00000822      0x1d9 ./gecko_sdk_4.3.0/platform/Device/SiliconLabs/EFR32MG24/Source/system_efr32mg24.o
 .debug_loc     0x000009fb       0x2a ./gecko_sdk_4.3.0/platform/common/src/sl_assert.o
 .debug_loc     0x00000a25       0x9c ./gecko_sdk_4.3.0/platform/common/toolchain/src/sl_memory.o
 .debug_loc     0x00000ac1      0x26a ./gecko_sdk_4.3.0/platform/driver/debug/src/sl_debug_swo.o
 .debug_loc     0x00000d2b     0x46ad ./gecko_sdk_4.3.0/platform/emlib/src/em_cmu.o
 .debug_loc     0x000053d8      0x959 ./gecko_sdk_4.3.0/platform/emlib/src/em_core.o
 .debug_loc     0x00005d31      0x95e ./gecko_sdk_4.3.0/platform/emlib/src/em_emu.o
 .debug_loc     0x0000668f      0xaad ./gecko_sdk_4.3.0/platform/emlib/src/em_gpio.o
 .debug_loc     0x0000713c      0x196 ./gecko_sdk_4.3.0/platform/emlib/src/em_system.o
 .debug_loc     0x000072d2      0xa03 ./gecko_sdk_4.3.0/platform/emlib/src/em_usart.o
 .debug_loc     0x00007cd5       0x2c ./gecko_sdk_4.3.0/platform/service/device_init/src/sl_device_init_dcdc_s2.o
 .debug_loc     0x00007d01       0x2c ./gecko_sdk_4.3.0/platform/service/device_init/src/sl_device_init_emu_s2.o
 .debug_loc     0x00007d2d       0xba ./gecko_sdk_4.3.0/platform/service/device_init/src/sl_device_init_hfxo_s2.o
 .debug_loc     0x00007de7       0x38 ./gecko_sdk_4.3.0/platform/service/device_init/src/sl_device_init_lfxo_s2.o
 .debug_loc     0x00007e1f       0x6f ./gecko_sdk_4.3.0/platform/service/device_init/src/sl_device_init_nvic.o
 .debug_loc     0x00007e8e       0x2c ./gecko_sdk_4.3.0/platform/service/system/src/sl_system_init.o
 .debug_loc     0x00007eba       0x2c ./gecko_sdk_4.3.0/platform/service/system/src/sl_system_process_action.o
 .debug_loc     0x00007ee6      0x195 ./gecko_sdk_4.3.0/platform/service/udelay/src/sl_udelay.o

.debug_aranges  0x00000000      0x9a0
 .debug_aranges
                0x00000000       0x28 ./app.o
 .debug_aranges
                0x00000028       0x20 ./main.o
 .debug_aranges
                0x00000048       0x20 ./autogen/sl_board_default_init.o
 .debug_aranges
                0x00000068       0x20 ./autogen/sl_device_init_clocks.o
 .debug_aranges
                0x00000088       0x38 ./autogen/sl_event_handler.o
 .debug_aranges
                0x000000c0       0x70 ./gecko_sdk_4.3.0/hardware/board/src/sl_board_control_gpio.o
 .debug_aranges
                0x00000130       0x28 ./gecko_sdk_4.3.0/hardware/board/src/sl_board_init.o
 .debug_aranges
                0x00000158       0x38 ./gecko_sdk_4.3.0/hardware/driver/configuration_over_swo/src/sl_cos.o
 .debug_aranges
                0x00000190       0x30 ./gecko_sdk_4.3.0/hardware/driver/mx25_flash_shutdown/src/sl_mx25_flash_shutdown_usart/sl_mx25_flash_shutdown.o
 .debug_aranges
                0x000001c0       0x28 ./gecko_sdk_4.3.0/platform/Device/SiliconLabs/EFR32MG24/Source/startup_efr32mg24.o
 .debug_aranges
                0x000001e8       0x90 ./gecko_sdk_4.3.0/platform/Device/SiliconLabs/EFR32MG24/Source/system_efr32mg24.o
 .debug_aranges
                0x00000278       0x20 ./gecko_sdk_4.3.0/platform/common/src/sl_assert.o
 .debug_aranges
                0x00000298       0x30 ./gecko_sdk_4.3.0/platform/common/toolchain/src/sl_memory.o
 .debug_aranges
                0x000002c8       0x48 ./gecko_sdk_4.3.0/platform/driver/debug/src/sl_debug_swo.o
 .debug_aranges
                0x00000310      0x200 ./gecko_sdk_4.3.0/platform/emlib/src/em_cmu.o
 .debug_aranges
                0x00000510       0xe8 ./gecko_sdk_4.3.0/platform/emlib/src/em_core.o
 .debug_aranges
                0x000005f8       0xf0 ./gecko_sdk_4.3.0/platform/emlib/src/em_emu.o
 .debug_aranges
                0x000006e8       0x68 ./gecko_sdk_4.3.0/platform/emlib/src/em_gpio.o
 .debug_aranges
                0x00000750       0x78 ./gecko_sdk_4.3.0/platform/emlib/src/em_system.o
 .debug_aranges
                0x000007c8       0xb8 ./gecko_sdk_4.3.0/platform/emlib/src/em_usart.o
 .debug_aranges
                0x00000880       0x20 ./gecko_sdk_4.3.0/platform/service/device_init/src/sl_device_init_dcdc_s2.o
 .debug_aranges
                0x000008a0       0x20 ./gecko_sdk_4.3.0/platform/service/device_init/src/sl_device_init_emu_s2.o
 .debug_aranges
                0x000008c0       0x20 ./gecko_sdk_4.3.0/platform/service/device_init/src/sl_device_init_hfxo_s2.o
 .debug_aranges
                0x000008e0       0x20 ./gecko_sdk_4.3.0/platform/service/device_init/src/sl_device_init_lfxo_s2.o
 .debug_aranges
                0x00000900       0x20 ./gecko_sdk_4.3.0/platform/service/device_init/src/sl_device_init_nvic.o
 .debug_aranges
                0x00000920       0x20 ./gecko_sdk_4.3.0/platform/service/system/src/sl_system_init.o
 .debug_aranges
                0x00000940       0x20 ./gecko_sdk_4.3.0/platform/service/system/src/sl_system_process_action.o
 .debug_aranges
                0x00000960       0x20 ./gecko_sdk_4.3.0/platform/service/udelay/src/sl_udelay.o
 .debug_aranges
                0x00000980       0x20 ./gecko_sdk_4.3.0/platform/service/udelay/src/sl_udelay_armv6m_gcc.o

.debug_ranges   0x00000000      0xcf8
 .debug_ranges  0x00000000       0x18 ./app.o
 .debug_ranges  0x00000018       0x10 ./main.o
 .debug_ranges  0x00000028       0x10 ./autogen/sl_board_default_init.o
 .debug_ranges  0x00000038       0x10 ./autogen/sl_device_init_clocks.o
 .debug_ranges  0x00000048       0x28 ./autogen/sl_event_handler.o
 .debug_ranges  0x00000070       0x60 ./gecko_sdk_4.3.0/hardware/board/src/sl_board_control_gpio.o
 .debug_ranges  0x000000d0       0x18 ./gecko_sdk_4.3.0/hardware/board/src/sl_board_init.o
 .debug_ranges  0x000000e8       0x40 ./gecko_sdk_4.3.0/hardware/driver/configuration_over_swo/src/sl_cos.o
 .debug_ranges  0x00000128       0x20 ./gecko_sdk_4.3.0/hardware/driver/mx25_flash_shutdown/src/sl_mx25_flash_shutdown_usart/sl_mx25_flash_shutdown.o
 .debug_ranges  0x00000148       0x80 ./gecko_sdk_4.3.0/platform/Device/SiliconLabs/EFR32MG24/Source/startup_efr32mg24.o
 .debug_ranges  0x000001c8       0x98 ./gecko_sdk_4.3.0/platform/Device/SiliconLabs/EFR32MG24/Source/system_efr32mg24.o
 .debug_ranges  0x00000260       0x10 ./gecko_sdk_4.3.0/platform/common/src/sl_assert.o
 .debug_ranges  0x00000270       0x20 ./gecko_sdk_4.3.0/platform/common/toolchain/src/sl_memory.o
 .debug_ranges  0x00000290       0x68 ./gecko_sdk_4.3.0/platform/driver/debug/src/sl_debug_swo.o
 .debug_ranges  0x000002f8      0x3a0 ./gecko_sdk_4.3.0/platform/emlib/src/em_cmu.o
 .debug_ranges  0x00000698      0x1a0 ./gecko_sdk_4.3.0/platform/emlib/src/em_core.o
 .debug_ranges  0x00000838      0x258 ./gecko_sdk_4.3.0/platform/emlib/src/em_emu.o
 .debug_ranges  0x00000a90       0x70 ./gecko_sdk_4.3.0/platform/emlib/src/em_gpio.o
 .debug_ranges  0x00000b00       0x80 ./gecko_sdk_4.3.0/platform/emlib/src/em_system.o
 .debug_ranges  0x00000b80       0xa8 ./gecko_sdk_4.3.0/platform/emlib/src/em_usart.o
 .debug_ranges  0x00000c28       0x10 ./gecko_sdk_4.3.0/platform/service/device_init/src/sl_device_init_dcdc_s2.o
 .debug_ranges  0x00000c38       0x10 ./gecko_sdk_4.3.0/platform/service/device_init/src/sl_device_init_emu_s2.o
 .debug_ranges  0x00000c48       0x10 ./gecko_sdk_4.3.0/platform/service/device_init/src/sl_device_init_hfxo_s2.o
 .debug_ranges  0x00000c58       0x10 ./gecko_sdk_4.3.0/platform/service/device_init/src/sl_device_init_lfxo_s2.o
 .debug_ranges  0x00000c68       0x48 ./gecko_sdk_4.3.0/platform/service/device_init/src/sl_device_init_nvic.o
 .debug_ranges  0x00000cb0       0x10 ./gecko_sdk_4.3.0/platform/service/system/src/sl_system_init.o
 .debug_ranges  0x00000cc0       0x10 ./gecko_sdk_4.3.0/platform/service/system/src/sl_system_process_action.o
 .debug_ranges  0x00000cd0       0x28 ./gecko_sdk_4.3.0/platform/service/udelay/src/sl_udelay.o

.debug_line     0x00000000     0xa280
 .debug_line    0x00000000      0x2d1 ./app.o
 .debug_line    0x000002d1      0x108 ./main.o
 .debug_line    0x000003d9       0xb1 ./autogen/sl_board_default_init.o
 .debug_line    0x0000048a      0x2a5 ./autogen/sl_device_init_clocks.o
 .debug_line    0x0000072f      0x4dc ./autogen/sl_event_handler.o
 .debug_line    0x00000c0b      0x479 ./gecko_sdk_4.3.0/hardware/board/src/sl_board_control_gpio.o
 .debug_line    0x00001084      0x18a ./gecko_sdk_4.3.0/hardware/board/src/sl_board_init.o
 .debug_line    0x0000120e      0x46d ./gecko_sdk_4.3.0/hardware/driver/configuration_over_swo/src/sl_cos.o
 .debug_line    0x0000167b      0x417 ./gecko_sdk_4.3.0/hardware/driver/mx25_flash_shutdown/src/sl_mx25_flash_shutdown_usart/sl_mx25_flash_shutdown.o
 .debug_line    0x00001a92      0x309 ./gecko_sdk_4.3.0/platform/Device/SiliconLabs/EFR32MG24/Source/startup_efr32mg24.o
 .debug_line    0x00001d9b      0x5de ./gecko_sdk_4.3.0/platform/Device/SiliconLabs/EFR32MG24/Source/system_efr32mg24.o
 .debug_line    0x00002379       0xa3 ./gecko_sdk_4.3.0/platform/common/src/sl_assert.o
 .debug_line    0x0000241c      0x2d9 ./gecko_sdk_4.3.0/platform/common/toolchain/src/sl_memory.o
 .debug_line    0x000026f5      0x6ae ./gecko_sdk_4.3.0/platform/driver/debug/src/sl_debug_swo.o
 .debug_line    0x00002da3     0x3129 ./gecko_sdk_4.3.0/platform/emlib/src/em_cmu.o
 .debug_line    0x00005ecc      0xa86 ./gecko_sdk_4.3.0/platform/emlib/src/em_core.o
 .debug_line    0x00006952      0xe13 ./gecko_sdk_4.3.0/platform/emlib/src/em_emu.o
 .debug_line    0x00007765      0x746 ./gecko_sdk_4.3.0/platform/emlib/src/em_gpio.o
 .debug_line    0x00007eab      0x4a8 ./gecko_sdk_4.3.0/platform/emlib/src/em_system.o
 .debug_line    0x00008353      0xbfe ./gecko_sdk_4.3.0/platform/emlib/src/em_usart.o
 .debug_line    0x00008f51      0x24c ./gecko_sdk_4.3.0/platform/service/device_init/src/sl_device_init_dcdc_s2.o
 .debug_line    0x0000919d      0x2ce ./gecko_sdk_4.3.0/platform/service/device_init/src/sl_device_init_emu_s2.o
 .debug_line    0x0000946b      0x32c ./gecko_sdk_4.3.0/platform/service/device_init/src/sl_device_init_hfxo_s2.o
 .debug_line    0x00009797      0x256 ./gecko_sdk_4.3.0/platform/service/device_init/src/sl_device_init_lfxo_s2.o
 .debug_line    0x000099ed      0x324 ./gecko_sdk_4.3.0/platform/service/device_init/src/sl_device_init_nvic.o
 .debug_line    0x00009d11      0x102 ./gecko_sdk_4.3.0/platform/service/system/src/sl_system_init.o
 .debug_line    0x00009e13      0x10b ./gecko_sdk_4.3.0/platform/service/system/src/sl_system_process_action.o
 .debug_line    0x00009f1e      0x2cc ./gecko_sdk_4.3.0/platform/service/udelay/src/sl_udelay.o
 .debug_line    0x0000a1ea       0x96 ./gecko_sdk_4.3.0/platform/service/udelay/src/sl_udelay_armv6m_gcc.o

.debug_str      0x00000000     0xa5f6
 .debug_str     0x00000000     0x10e1 ./app.o
                               0x13ca (size before relaxing)
 .debug_str     0x000010e1       0x39 ./main.o
                                0x1e7 (size before relaxing)
 .debug_str     0x0000111a      0x13f ./autogen/sl_board_default_init.o
                                0x222 (size before relaxing)
 .debug_str     0x00001259      0x953 ./autogen/sl_device_init_clocks.o
                                0xe2e (size before relaxing)
 .debug_str     0x00001bac      0x202 ./autogen/sl_event_handler.o
                                0xe4f (size before relaxing)
 .debug_str     0x00001dae      0x2a4 ./gecko_sdk_4.3.0/hardware/board/src/sl_board_control_gpio.o
                                0x6c3 (size before relaxing)
 .debug_str     0x00002052      0x4ce ./gecko_sdk_4.3.0/hardware/board/src/sl_board_init.o
                                0x6dc (size before relaxing)
 .debug_str     0x00002520      0x1f7 ./gecko_sdk_4.3.0/hardware/driver/configuration_over_swo/src/sl_cos.o
                                0x424 (size before relaxing)
 .debug_str     0x00002717      0x68f ./gecko_sdk_4.3.0/hardware/driver/mx25_flash_shutdown/src/sl_mx25_flash_shutdown_usart/sl_mx25_flash_shutdown.o
                               0x1d54 (size before relaxing)
 .debug_str     0x00002da6      0x167 ./gecko_sdk_4.3.0/platform/Device/SiliconLabs/EFR32MG24/Source/startup_efr32mg24.o
                                0x355 (size before relaxing)
 .debug_str     0x00002f0d      0xa9f ./gecko_sdk_4.3.0/platform/Device/SiliconLabs/EFR32MG24/Source/system_efr32mg24.o
                               0x178e (size before relaxing)
 .debug_str     0x000039ac       0x5b ./gecko_sdk_4.3.0/platform/common/src/sl_assert.o
                                0x1b9 (size before relaxing)
 .debug_str     0x00003a07       0xfa ./gecko_sdk_4.3.0/platform/common/toolchain/src/sl_memory.o
                                0x2f3 (size before relaxing)
 .debug_str     0x00003b01      0x35c ./gecko_sdk_4.3.0/platform/driver/debug/src/sl_debug_swo.o
                               0x2182 (size before relaxing)
 .debug_str     0x00003e5d     0x437e ./gecko_sdk_4.3.0/platform/emlib/src/em_cmu.o
                               0x6570 (size before relaxing)
 .debug_str     0x000081db      0x343 ./gecko_sdk_4.3.0/platform/emlib/src/em_core.o
                                0xb5e (size before relaxing)
 .debug_str     0x0000851e      0xd10 ./gecko_sdk_4.3.0/platform/emlib/src/em_emu.o
                               0x230d (size before relaxing)
 .debug_str     0x0000922e      0x125 ./gecko_sdk_4.3.0/platform/emlib/src/em_gpio.o
                               0x16e4 (size before relaxing)
 .debug_str     0x00009353      0x2f5 ./gecko_sdk_4.3.0/platform/emlib/src/em_system.o
                               0x158d (size before relaxing)
 .debug_str     0x00009648      0x592 ./gecko_sdk_4.3.0/platform/emlib/src/em_usart.o
                               0x4587 (size before relaxing)
 .debug_str     0x00009bda       0x6b ./gecko_sdk_4.3.0/platform/service/device_init/src/sl_device_init_dcdc_s2.o
                                0x920 (size before relaxing)
 .debug_str     0x00009c45       0x73 ./gecko_sdk_4.3.0/platform/service/device_init/src/sl_device_init_emu_s2.o
                                0x977 (size before relaxing)
 .debug_str     0x00009cb8      0x521 ./gecko_sdk_4.3.0/platform/service/device_init/src/sl_device_init_hfxo_s2.o
                                0xc1f (size before relaxing)
 .debug_str     0x0000a1d9      0x1e0 ./gecko_sdk_4.3.0/platform/service/device_init/src/sl_device_init_lfxo_s2.o
                                0x4d9 (size before relaxing)
 .debug_str     0x0000a3b9       0x84 ./gecko_sdk_4.3.0/platform/service/device_init/src/sl_device_init_nvic.o
                                0x859 (size before relaxing)
 .debug_str     0x0000a43d       0x5e ./gecko_sdk_4.3.0/platform/service/system/src/sl_system_init.o
                                0x20f (size before relaxing)
 .debug_str     0x0000a49b       0x68 ./gecko_sdk_4.3.0/platform/service/system/src/sl_system_process_action.o
                                0x23c (size before relaxing)
 .debug_str     0x0000a503       0x81 ./gecko_sdk_4.3.0/platform/service/udelay/src/sl_udelay.o
                                0x2a9 (size before relaxing)
 .debug_str     0x0000a584       0x72 ./gecko_sdk_4.3.0/platform/service/udelay/src/sl_udelay_armv6m_gcc.o
                                 0xd1 (size before relaxing)

.debug_frame    0x00000000     0x17d8
 .debug_frame   0x00000000       0x40 ./app.o
 .debug_frame   0x00000040       0x28 ./main.o
 .debug_frame   0x00000068       0x20 ./autogen/sl_board_default_init.o
 .debug_frame   0x00000088       0x28 ./autogen/sl_device_init_clocks.o
 .debug_frame   0x000000b0       0xb8 ./autogen/sl_event_handler.o
 .debug_frame   0x00000168      0x110 ./gecko_sdk_4.3.0/hardware/board/src/sl_board_control_gpio.o
 .debug_frame   0x00000278       0x3c ./gecko_sdk_4.3.0/hardware/board/src/sl_board_init.o
 .debug_frame   0x000002b4       0x78 ./gecko_sdk_4.3.0/hardware/driver/configuration_over_swo/src/sl_cos.o
 .debug_frame   0x0000032c       0x54 ./gecko_sdk_4.3.0/hardware/driver/mx25_flash_shutdown/src/sl_mx25_flash_shutdown_usart/sl_mx25_flash_shutdown.o
 .debug_frame   0x00000380       0x38 ./gecko_sdk_4.3.0/platform/Device/SiliconLabs/EFR32MG24/Source/startup_efr32mg24.o
 .debug_frame   0x000003b8      0x110 ./gecko_sdk_4.3.0/platform/Device/SiliconLabs/EFR32MG24/Source/system_efr32mg24.o
 .debug_frame   0x000004c8       0x20 ./gecko_sdk_4.3.0/platform/common/src/sl_assert.o
 .debug_frame   0x000004e8       0x40 ./gecko_sdk_4.3.0/platform/common/toolchain/src/sl_memory.o
 .debug_frame   0x00000528       0x9c ./gecko_sdk_4.3.0/platform/driver/debug/src/sl_debug_swo.o
 .debug_frame   0x000005c4      0x680 ./gecko_sdk_4.3.0/platform/emlib/src/em_cmu.o
 .debug_frame   0x00000c44      0x254 ./gecko_sdk_4.3.0/platform/emlib/src/em_core.o
 .debug_frame   0x00000e98      0x30c ./gecko_sdk_4.3.0/platform/emlib/src/em_emu.o
 .debug_frame   0x000011a4      0x16c ./gecko_sdk_4.3.0/platform/emlib/src/em_gpio.o
 .debug_frame   0x00001310       0xd8 ./gecko_sdk_4.3.0/platform/emlib/src/em_system.o
 .debug_frame   0x000013e8      0x1ec ./gecko_sdk_4.3.0/platform/emlib/src/em_usart.o
 .debug_frame   0x000015d4       0x28 ./gecko_sdk_4.3.0/platform/service/device_init/src/sl_device_init_dcdc_s2.o
 .debug_frame   0x000015fc       0x2c ./gecko_sdk_4.3.0/platform/service/device_init/src/sl_device_init_emu_s2.o
 .debug_frame   0x00001628       0x34 ./gecko_sdk_4.3.0/platform/service/device_init/src/sl_device_init_hfxo_s2.o
 .debug_frame   0x0000165c       0x30 ./gecko_sdk_4.3.0/platform/service/device_init/src/sl_device_init_lfxo_s2.o
 .debug_frame   0x0000168c       0x28 ./gecko_sdk_4.3.0/platform/service/device_init/src/sl_device_init_nvic.o
 .debug_frame   0x000016b4       0x2c ./gecko_sdk_4.3.0/platform/service/system/src/sl_system_init.o
 .debug_frame   0x000016e0       0x2c ./gecko_sdk_4.3.0/platform/service/system/src/sl_system_process_action.o
 .debug_frame   0x0000170c       0x38 ./gecko_sdk_4.3.0/platform/service/udelay/src/sl_udelay.o
 .debug_frame   0x00001744       0x28 c:/siliconlabs/simplicitystudio/v5/developer/toolchains/gnu_arm/10.3_2021.10/bin/../lib/gcc/arm-none-eabi/10.3.1/../../../../arm-none-eabi/lib/thumb/v8-m.main+fp/hard\libc_nano.a(lib_a-exit.o)
 .debug_frame   0x0000176c       0x2c c:/siliconlabs/simplicitystudio/v5/developer/toolchains/gnu_arm/10.3_2021.10/bin/../lib/gcc/arm-none-eabi/10.3.1/../../../../arm-none-eabi/lib/thumb/v8-m.main+fp/hard\libc_nano.a(lib_a-init.o)
 .debug_frame   0x00001798       0x20 c:/siliconlabs/simplicitystudio/v5/developer/toolchains/gnu_arm/10.3_2021.10/bin/../lib/gcc/arm-none-eabi/10.3.1/../../../../arm-none-eabi/lib/thumb/v8-m.main+fp/hard\libc_nano.a(lib_a-memset.o)
 .debug_frame   0x000017b8       0x20 c:/siliconlabs/simplicitystudio/v5/developer/toolchains/gnu_arm/10.3_2021.10/bin/../lib/gcc/arm-none-eabi/10.3.1/../../../../arm-none-eabi/lib/thumb/v8-m.main+fp/hard\libnosys.a(_exit.o)
